<?xml version="1.0" encoding="UTF-8"?>
<testsuites name="Mocha Tests" time="14.962" tests="5" failures="-3" skipped="4">
  <testsuite name="Root Suite" timestamp="2023-05-28T12:59:43" tests="0" file="cypress\e2e\features\Amazon1.feature" time="0.000" failures="0">
  </testsuite>
  <testsuite name="Amazon Test Suite" timestamp="2023-05-28T12:59:43" tests="5" time="14.910" failures="0">
    <testcase name="Amazon Test Suite Title Validation" time="8.035" classname="Title Validation">
    </testcase>
  </testsuite>
</testsuites>